0 verbose cli D:\Nodejs\node.exe D:\Nodejs\node_modules\npm\bin\npm-cli.js
1 info using npm@11.12.1
2 info using node@v24.15.0
3 silly config load:file:D:\Nodejs\node_modules\npm\npmrc
4 silly config load:file:D:\Desktop\Person\Trae test\.npmrc
5 silly config load:file:C:\Users\brain\.npmrc
6 silly config load:file:D:\Nodejs\node_global\etc\npmrc
7 verbose title npm install @types/node
8 verbose argv "install" "--save-dev" "@types/node" "--cache" ".npm-cache"
9 verbose logfile logs-max:10 dir:D:\Desktop\Person\Trae test\.npm-cache\_logs\2026-05-01T15_36_10_492Z-
10 verbose logfile D:\Desktop\Person\Trae test\.npm-cache\_logs\2026-05-01T15_36_10_492Z-debug-0.log
11 silly logfile done cleaning log files
12 silly packumentCache heap:4496293888 maxSize:1124073472 maxEntrySize:562036736
13 verbose shrinkwrap failed to load node_modules/.package-lock.json out of date, updated: node_modules
14 silly idealTree buildDeps
15 silly fetch manifest @types/node@*
16 silly packumentCache full:https://registry.npmmirror.com/@types%2fnode cache-miss
17 http fetch GET 200 https://registry.npmmirror.com/@types%2fnode 144ms (cache revalidated)
18 silly packumentCache full:https://registry.npmmirror.com/@types%2fnode set size:10212742 disposed:false
19 silly placeDep ROOT @types/node@25.6.0 OK for: text-adventure-game@1.0.0 want: *
20 silly fetch manifest undici-types@~7.19.0
21 silly packumentCache full:https://registry.npmmirror.com/undici-types cache-miss
22 http fetch GET 200 https://registry.npmmirror.com/undici-types 34ms (cache miss)
23 silly packumentCache full:https://registry.npmmirror.com/undici-types set size:39652 disposed:false
24 silly placeDep ROOT undici-types@7.19.2 OK for: @types/node@25.6.0 want: ~7.19.0
25 silly reify moves {}
26 silly audit bulk request {
26 silly audit   '@alloc/quick-lru': [ '5.2.0' ],
26 silly audit   '@babel/code-frame': [ '7.29.0' ],
26 silly audit   '@babel/compat-data': [ '7.29.3' ],
26 silly audit   '@babel/core': [ '7.29.0' ],
26 silly audit   '@babel/generator': [ '7.29.1' ],
26 silly audit   '@babel/helper-compilation-targets': [ '7.28.6' ],
26 silly audit   '@babel/helper-globals': [ '7.28.0' ],
26 silly audit   '@babel/helper-module-imports': [ '7.28.6' ],
26 silly audit   '@babel/helper-module-transforms': [ '7.28.6' ],
26 silly audit   '@babel/helper-plugin-utils': [ '7.28.6' ],
26 silly audit   '@babel/helper-string-parser': [ '7.27.1' ],
26 silly audit   '@babel/helper-validator-identifier': [ '7.28.5' ],
26 silly audit   '@babel/helper-validator-option': [ '7.27.1' ],
26 silly audit   '@babel/helpers': [ '7.29.2' ],
26 silly audit   '@babel/parser': [ '7.29.3' ],
26 silly audit   '@babel/plugin-transform-react-jsx-self': [ '7.27.1' ],
26 silly audit   '@babel/plugin-transform-react-jsx-source': [ '7.27.1' ],
26 silly audit   '@babel/template': [ '7.28.6' ],
26 silly audit   '@babel/traverse': [ '7.29.0' ],
26 silly audit   '@babel/types': [ '7.29.0' ],
26 silly audit   '@esbuild/aix-ppc64': [ '0.25.12' ],
26 silly audit   '@esbuild/android-arm': [ '0.25.12' ],
26 silly audit   '@esbuild/android-arm64': [ '0.25.12' ],
26 silly audit   '@esbuild/android-x64': [ '0.25.12' ],
26 silly audit   '@esbuild/darwin-arm64': [ '0.25.12' ],
26 silly audit   '@esbuild/darwin-x64': [ '0.25.12' ],
26 silly audit   '@esbuild/freebsd-arm64': [ '0.25.12' ],
26 silly audit   '@esbuild/freebsd-x64': [ '0.25.12' ],
26 silly audit   '@esbuild/linux-arm': [ '0.25.12' ],
26 silly audit   '@esbuild/linux-arm64': [ '0.25.12' ],
26 silly audit   '@esbuild/linux-ia32': [ '0.25.12' ],
26 silly audit   '@esbuild/linux-loong64': [ '0.25.12' ],
26 silly audit   '@esbuild/linux-mips64el': [ '0.25.12' ],
26 silly audit   '@esbuild/linux-ppc64': [ '0.25.12' ],
26 silly audit   '@esbuild/linux-riscv64': [ '0.25.12' ],
26 silly audit   '@esbuild/linux-s390x': [ '0.25.12' ],
26 silly audit   '@esbuild/linux-x64': [ '0.25.12' ],
26 silly audit   '@esbuild/netbsd-arm64': [ '0.25.12' ],
26 silly audit   '@esbuild/netbsd-x64': [ '0.25.12' ],
26 silly audit   '@esbuild/openbsd-arm64': [ '0.25.12' ],
26 silly audit   '@esbuild/openbsd-x64': [ '0.25.12' ],
26 silly audit   '@esbuild/openharmony-arm64': [ '0.25.12' ],
26 silly audit   '@esbuild/sunos-x64': [ '0.25.12' ],
26 silly audit   '@esbuild/win32-arm64': [ '0.25.12' ],
26 silly audit   '@esbuild/win32-ia32': [ '0.25.12' ],
26 silly audit   '@esbuild/win32-x64': [ '0.25.12' ],
26 silly audit   '@jridgewell/gen-mapping': [ '0.3.13' ],
26 silly audit   '@jridgewell/remapping': [ '2.3.5' ],
26 silly audit   '@jridgewell/resolve-uri': [ '3.1.2' ],
26 silly audit   '@jridgewell/sourcemap-codec': [ '1.5.5' ],
26 silly audit   '@jridgewell/trace-mapping': [ '0.3.31' ],
26 silly audit   '@nodelib/fs.scandir': [ '2.1.5' ],
26 silly audit   '@nodelib/fs.stat': [ '2.0.5' ],
26 silly audit   '@nodelib/fs.walk': [ '1.2.8' ],
26 silly audit   '@rolldown/pluginutils': [ '1.0.0-beta.27' ],
26 silly audit   '@rollup/rollup-android-arm-eabi': [ '4.60.2' ],
26 silly audit   '@rollup/rollup-android-arm64': [ '4.60.2' ],
26 silly audit   '@rollup/rollup-darwin-arm64': [ '4.60.2' ],
26 silly audit   '@rollup/rollup-darwin-x64': [ '4.60.2' ],
26 silly audit   '@rollup/rollup-freebsd-arm64': [ '4.60.2' ],
26 silly audit   '@rollup/rollup-freebsd-x64': [ '4.60.2' ],
26 silly audit   '@rollup/rollup-linux-arm-gnueabihf': [ '4.60.2' ],
26 silly audit   '@rollup/rollup-linux-arm-musleabihf': [ '4.60.2' ],
26 silly audit   '@rollup/rollup-linux-arm64-gnu': [ '4.60.2' ],
26 silly audit   '@rollup/rollup-linux-arm64-musl': [ '4.60.2' ],
26 silly audit   '@rollup/rollup-linux-loong64-gnu': [ '4.60.2' ],
26 silly audit   '@rollup/rollup-linux-loong64-musl': [ '4.60.2' ],
26 silly audit   '@rollup/rollup-linux-ppc64-gnu': [ '4.60.2' ],
26 silly audit   '@rollup/rollup-linux-ppc64-musl': [ '4.60.2' ],
26 silly audit   '@rollup/rollup-linux-riscv64-gnu': [ '4.60.2' ],
26 silly audit   '@rollup/rollup-linux-riscv64-musl': [ '4.60.2' ],
26 silly audit   '@rollup/rollup-linux-s390x-gnu': [ '4.60.2' ],
26 silly audit   '@rollup/rollup-linux-x64-gnu': [ '4.60.2' ],
26 silly audit   '@rollup/rollup-linux-x64-musl': [ '4.60.2' ],
26 silly audit   '@rollup/rollup-openbsd-x64': [ '4.60.2' ],
26 silly audit   '@rollup/rollup-openharmony-arm64': [ '4.60.2' ],
26 silly audit   '@rollup/rollup-win32-arm64-msvc': [ '4.60.2' ],
26 silly audit   '@rollup/rollup-win32-ia32-msvc': [ '4.60.2' ],
26 silly audit   '@rollup/rollup-win32-x64-gnu': [ '4.60.2' ],
26 silly audit   '@rollup/rollup-win32-x64-msvc': [ '4.60.2' ],
26 silly audit   '@types/babel__core': [ '7.20.5' ],
26 silly audit   '@types/babel__generator': [ '7.27.0' ],
26 silly audit   '@types/babel__template': [ '7.4.4' ],
26 silly audit   '@types/babel__traverse': [ '7.28.0' ],
26 silly audit   '@types/estree': [ '1.0.8' ],
26 silly audit   '@types/react': [ '19.2.14' ],
26 silly audit   '@types/react-dom': [ '19.2.3' ],
26 silly audit   '@vitejs/plugin-react': [ '4.7.0' ],
26 silly audit   'any-promise': [ '1.3.0' ],
26 silly audit   anymatch: [ '3.1.3' ],
26 silly audit   arg: [ '5.0.2' ],
26 silly audit   autoprefixer: [ '10.5.0' ],
26 silly audit   'baseline-browser-mapping': [ '2.10.25' ],
26 silly audit   'binary-extensions': [ '2.3.0' ],
26 silly audit   braces: [ '3.0.3' ],
26 silly audit   browserslist: [ '4.28.2' ],
26 silly audit   'camelcase-css': [ '2.0.1' ],
26 silly audit   'caniuse-lite': [ '1.0.30001791' ],
26 silly audit   chokidar: [ '3.6.0' ],
26 silly audit   'glob-parent': [ '5.1.2', '6.0.2' ],
26 silly audit   commander: [ '4.1.1' ],
26 silly audit   'convert-source-map': [ '2.0.0' ],
26 silly audit   cssesc: [ '3.0.0' ],
26 silly audit   csstype: [ '3.2.3' ],
26 silly audit   debug: [ '4.4.3' ],
26 silly audit   dexie: [ '4.4.2' ],
26 silly audit   didyoumean: [ '1.2.2' ],
26 silly audit   dlv: [ '1.1.3' ],
26 silly audit   'electron-to-chromium': [ '1.5.348' ],
26 silly audit   'es-errors': [ '1.3.0' ],
26 silly audit   esbuild: [ '0.25.12' ],
26 silly audit   escalade: [ '3.2.0' ],
26 silly audit   'fast-glob': [ '3.3.3' ],
26 silly audit   fastq: [ '1.20.1' ],
26 silly audit   'fill-range': [ '7.1.1' ],
26 silly audit   'fraction.js': [ '5.3.4' ],
26 silly audit   fsevents: [ '2.3.3' ],
26 silly audit   'function-bind': [ '1.1.2' ],
26 silly audit   gensync: [ '1.0.0-beta.2' ],
26 silly audit   hasown: [ '2.0.3' ],
26 silly audit   'is-binary-path': [ '2.1.0' ],
26 silly audit   'is-core-module': [ '2.16.1' ],
26 silly audit   'is-extglob': [ '2.1.1' ],
26 silly audit   'is-glob': [ '4.0.3' ],
26 silly audit   'is-number': [ '7.0.0' ],
26 silly audit   jiti: [ '1.21.7' ],
26 silly audit   'js-tokens': [ '4.0.0' ],
26 silly audit   jsesc: [ '3.1.0' ],
26 silly audit   json5: [ '2.2.3' ],
26 silly audit   lilconfig: [ '3.1.3' ],
26 silly audit   'lines-and-columns': [ '1.2.4' ],
26 silly audit   'lru-cache': [ '5.1.1' ],
26 silly audit   merge2: [ '1.4.1' ],
26 silly audit   micromatch: [ '4.0.8' ],
26 silly audit   ms: [ '2.1.3' ],
26 silly audit   mz: [ '2.7.0' ],
26 silly audit   nanoid: [ '3.3.12' ],
26 silly audit   'node-releases': [ '2.0.38' ],
26 silly audit   'normalize-path': [ '3.0.0' ],
26 silly audit   'object-assign': [ '4.1.1' ],
26 silly audit   'object-hash': [ '3.0.0' ],
26 silly audit   'path-parse': [ '1.0.7' ],
26 silly audit   picocolors: [ '1.1.1' ],
26 silly audit   picomatch: [ '2.3.2', '4.0.4' ],
26 silly audit   pify: [ '2.3.0' ],
26 silly audit   pirates: [ '4.0.7' ],
26 silly audit   postcss: [ '8.5.13' ],
26 silly audit   'postcss-import': [ '15.1.0' ],
26 silly audit   'postcss-js': [ '4.1.0' ],
26 silly audit   'postcss-load-config': [ '6.0.1' ],
26 silly audit   'postcss-nested': [ '6.2.0' ],
26 silly audit   'postcss-selector-parser': [ '6.1.2' ],
26 silly audit   'postcss-value-parser': [ '4.2.0' ],
26 silly audit   'queue-microtask': [ '1.2.3' ],
26 silly audit   react: [ '19.2.5' ],
26 silly audit   'react-dom': [ '19.2.5' ],
26 silly audit   'react-refresh': [ '0.17.0' ],
26 silly audit   'read-cache': [ '1.0.0' ],
26 silly audit   readdirp: [ '3.6.0' ],
26 silly audit   resolve: [ '1.22.12' ],
26 silly audit   reusify: [ '1.1.0' ],
26 silly audit   rollup: [ '4.60.2' ],
26 silly audit   'run-parallel': [ '1.2.0' ],
26 silly audit   scheduler: [ '0.27.0' ],
26 silly audit   semver: [ '6.3.1' ],
26 silly audit   'source-map-js': [ '1.2.1' ],
26 silly audit   sucrase: [ '3.35.1' ],
26 silly audit   'supports-preserve-symlinks-flag': [ '1.0.0' ],
26 silly audit   tailwindcss: [ '3.4.19' ],
26 silly audit   thenify: [ '3.3.1' ],
26 silly audit   'thenify-all': [ '1.6.0' ],
26 silly audit   tinyglobby: [ '0.2.16' ],
26 silly audit   fdir: [ '6.5.0' ],
26 silly audit   'to-regex-range': [ '5.0.1' ],
26 silly audit   'ts-interface-checker': [ '0.1.13' ],
26 silly audit   typescript: [ '5.9.3' ],
26 silly audit   'update-browserslist-db': [ '1.2.3' ],
26 silly audit   'util-deprecate': [ '1.0.2' ],
26 silly audit   vite: [ '6.4.2' ],
26 silly audit   yallist: [ '3.1.1' ],
26 silly audit   '@types/node': [ '25.6.0' ],
26 silly audit   'undici-types': [ '7.19.2' ]
26 silly audit }
27 http cache @types/node@https://registry.npmmirror.com/@types/node/-/node-25.6.0.tgz 0ms (cache hit)
28 silly tarball no local data for @types/node@https://registry.npmmirror.com/@types/node/-/node-25.6.0.tgz. Extracting by manifest.
29 http cache undici-types@https://registry.npmmirror.com/undici-types/-/undici-types-7.19.2.tgz 0ms (cache hit)
30 silly tarball no local data for undici-types@https://registry.npmmirror.com/undici-types/-/undici-types-7.19.2.tgz. Extracting by manifest.
31 http fetch POST 404 https://registry.npmmirror.com/-/npm/v1/security/advisories/bulk 28ms
32 verbose audit error HttpErrorGeneral: 404 Not Found - POST https://registry.npmmirror.com/-/npm/v1/security/advisories/bulk - [NOT_IMPLEMENTED] /-/npm/v1/security/* not implemented yet
32 verbose audit error     at D:\Nodejs\node_modules\npm\node_modules\npm-registry-fetch\lib\check-response.js:103:15
32 verbose audit error     at process.processTicksAndRejections (node:internal/process/task_queues:104:5)
32 verbose audit error     at async #getReport (D:\Nodejs\node_modules\npm\node_modules\@npmcli\arborist\lib\audit-report.js:275:19)
32 verbose audit error     at async AuditReport.run (D:\Nodejs\node_modules\npm\node_modules\@npmcli\arborist\lib\audit-report.js:100:19) {
32 verbose audit error   headers: [Object: null prototype] {
32 verbose audit error     server: [ 'Tengine' ],
32 verbose audit error     date: [ 'Fri, 01 May 2026 15:36:14 GMT' ],
32 verbose audit error     'content-type': [ 'application/json' ],
32 verbose audit error     'transfer-encoding': [ 'chunked' ],
32 verbose audit error     connection: [ 'keep-alive' ],
32 verbose audit error     'strict-transport-security': [ 'max-age=5184000' ],
32 verbose audit error     via: [ 'kunlun2.cn9476[,404666]' ],
32 verbose audit error     'timing-allow-origin': [ '*' ],
32 verbose audit error     eagleid: [ '7beb210717776497744625038e' ],
32 verbose audit error     'x-fetch-attempts': [ '1' ]
32 verbose audit error   },
32 verbose audit error   statusCode: 404,
32 verbose audit error   code: 'E404',
32 verbose audit error   method: 'POST',
32 verbose audit error   uri: 'https://registry.npmmirror.com/-/npm/v1/security/advisories/bulk',
32 verbose audit error   body: {
32 verbose audit error     error: '[NOT_IMPLEMENTED] /-/npm/v1/security/* not implemented yet'
32 verbose audit error   },
32 verbose audit error   pkgid: undefined
32 verbose audit error }
33 silly audit error [object Object]
34 silly audit report null
35 http fetch GET 200 https://cdn.npmmirror.com/packages/undici-types/7.19.2/undici-types-7.19.2.tgz 259ms (cache miss)
36 http fetch GET 200 https://cdn.npmmirror.com/packages/%40types/node/25.6.0/node-25.6.0.tgz 353ms (cache miss)
37 silly ADD node_modules/undici-types
38 silly ADD node_modules/@types/node
39 verbose cwd D:\Desktop\Person\Trae test
40 verbose os Windows_NT 10.0.26200
41 verbose node v24.15.0
42 verbose npm  v11.12.1
43 verbose exit 0
44 info ok
